
--- Job test.gms Start 06/22/24 15:15:01 44.4.0 06604687 WEX-WEI x86 64bit/MS Windows
--- Applying:
    C:\GAMS\44\gmsprmNT.txt
--- GAMS Parameters defined
    Input C:\Users\sebas\Documents\CloudDrive\Uni\SS24\ResEco\gamsFiles\ownFiles\test.gms
    PageSize 0
    ScrDir C:\Users\sebas\Documents\CloudDrive\Uni\SS24\ResEco\gamsFiles\ownFiles\225a\
    SysDir C:\GAMS\44\
    LogOption 3
    ErrMsg 1
    ErrorLog 99
    IDE 1
    LstTitleLeftAligned 1
Licensee: Course License                                 S240430|0002AO-GEN
          TU Dresden, Business Management and Economics             DCE3456
          C:\Users\sebas\Documents\GAMS\gamslice.txt
          License Admin: Hannes Hobbie, hannes.hobbie@tu-dresden.de        
          Course license for use within the course and related course work
Processor information: 1 socket(s), 8 core(s), and 16 thread(s) available
GAMS 44.4.0   Copyright (C) 1987-2023 GAMS Development. All rights reserved
--- Starting compilation
--- test.gms(69) 3 Mb
--- Starting execution: elapsed 0:00:00.018
--- test.gms(68) 4 Mb
---
--- collecting and writing gdx file 
---
--- Generating EMP model nv
--- test.gms(68) 6 Mb
--- JAMS cannot solve SP models. Resetting EMP solver to DE
---   3 rows  6 columns  11 non-zeroes
---   0 nl-code  0 nl-non-zeroes
--- Range statistics (absolute non-zero finite values)
--- RHS       [min, max] : [        NA,        NA] - Zero values observed as well
--- Bound     [min, max] : [ 4.500E+01, 4.500E+01] - Zero values observed as well
--- Matrix    [min, max] : [ 1.000E+00, 6.000E+01]
--- test.gms(68) 4 Mb
--- Executing DE (Solvelink=2): elapsed 0:00:00.035
DE               44.4.0 06604687 Sep 19, 2023          WEI x86 64bit/MS Window
*** Error code = 2 when opening file: C:\Users\sebas\Documents\CloudDrive\Uni\SS24\ResEco\gamsFiles\ownFiles\225a\empinfo.dat
*** Error processing empinfo file
*** Problem in getSPObject
*** gevCallSolver: Solve failed (DE,EMP,sl=5)
*** gevCallSolver: rc=2 msg=spqReadyAPI failed
*** Failure calling solver: DE (rc=1)
--- Reading solution for model nv
--- Executing after solve: elapsed 0:00:00.098
---
--- scattering and reading gdx file
---
--- randvar  Id = d maps to s_d
--- level    Id = s maps to s_s
--- level    Id = x maps to s_x
--- GDXin=C:\Users\sebas\Documents\CloudDrive\Uni\SS24\ResEco\gamsFiles\ownFiles\225a\scenrep.dat
--- Scatter finished in 0 ms
--- test.gms(69) 4 Mb
*** Status: Normal completion
--- Job test.gms Stop 06/22/24 15:15:01 elapsed 0:00:00.100
